// Jest Snapshot v1, https://goo.gl/fbAQLP

exports[`minimal usage 1`] = `
Object {
  "Outputs": Object {
    "distributionDomainName": Object {
      "Value": Object {
        "Fn::GetAtt": Array [
          "distributionCFDistribution99A57736",
          "DomainName",
        ],
      },
    },
  },
  "Parameters": Object {
    "AssetParameters00f2465b209575c44977ca8ff1c81d86d002849272ede5a8a90ac87dfff1e494ArtifactHashC2E6E6C0": Object {
      "Description": "Artifact hash for asset \\"00f2465b209575c44977ca8ff1c81d86d002849272ede5a8a90ac87dfff1e494\\"",
      "Type": "String",
    },
    "AssetParameters00f2465b209575c44977ca8ff1c81d86d002849272ede5a8a90ac87dfff1e494S3Bucket33B61C3E": Object {
      "Description": "S3 bucket for asset \\"00f2465b209575c44977ca8ff1c81d86d002849272ede5a8a90ac87dfff1e494\\"",
      "Type": "String",
    },
    "AssetParameters00f2465b209575c44977ca8ff1c81d86d002849272ede5a8a90ac87dfff1e494S3VersionKeyDE2514FF": Object {
      "Description": "S3 key for asset version \\"00f2465b209575c44977ca8ff1c81d86d002849272ede5a8a90ac87dfff1e494\\"",
      "Type": "String",
    },
    "AssetParameters190d8b8c5d41821e0b19782573f80a31d0d74cd8e75d16ea917c8d817d209d12ArtifactHash6C8DB92F": Object {
      "Description": "Artifact hash for asset \\"190d8b8c5d41821e0b19782573f80a31d0d74cd8e75d16ea917c8d817d209d12\\"",
      "Type": "String",
    },
    "AssetParameters190d8b8c5d41821e0b19782573f80a31d0d74cd8e75d16ea917c8d817d209d12S3BucketD9EFFEE5": Object {
      "Description": "S3 bucket for asset \\"190d8b8c5d41821e0b19782573f80a31d0d74cd8e75d16ea917c8d817d209d12\\"",
      "Type": "String",
    },
    "AssetParameters190d8b8c5d41821e0b19782573f80a31d0d74cd8e75d16ea917c8d817d209d12S3VersionKeyB34C7F9B": Object {
      "Description": "S3 key for asset version \\"190d8b8c5d41821e0b19782573f80a31d0d74cd8e75d16ea917c8d817d209d12\\"",
      "Type": "String",
    },
    "AssetParameters1f6de40da10b415b255c07df709f791e772ffb9f7bdd14ad81fb75643aad24eaArtifactHash3943F7F3": Object {
      "Description": "Artifact hash for asset \\"1f6de40da10b415b255c07df709f791e772ffb9f7bdd14ad81fb75643aad24ea\\"",
      "Type": "String",
    },
    "AssetParameters1f6de40da10b415b255c07df709f791e772ffb9f7bdd14ad81fb75643aad24eaS3BucketD8D20B9A": Object {
      "Description": "S3 bucket for asset \\"1f6de40da10b415b255c07df709f791e772ffb9f7bdd14ad81fb75643aad24ea\\"",
      "Type": "String",
    },
    "AssetParameters1f6de40da10b415b255c07df709f791e772ffb9f7bdd14ad81fb75643aad24eaS3VersionKeyCD2774D3": Object {
      "Description": "S3 key for asset version \\"1f6de40da10b415b255c07df709f791e772ffb9f7bdd14ad81fb75643aad24ea\\"",
      "Type": "String",
    },
    "AssetParametersa469bbed5c9042743cfd3afac7d8ea5fc0b85b2cf2b2e3ab0800a32be360f1f5ArtifactHash2D20D482": Object {
      "Description": "Artifact hash for asset \\"a469bbed5c9042743cfd3afac7d8ea5fc0b85b2cf2b2e3ab0800a32be360f1f5\\"",
      "Type": "String",
    },
    "AssetParametersa469bbed5c9042743cfd3afac7d8ea5fc0b85b2cf2b2e3ab0800a32be360f1f5S3Bucket3600E69A": Object {
      "Description": "S3 bucket for asset \\"a469bbed5c9042743cfd3afac7d8ea5fc0b85b2cf2b2e3ab0800a32be360f1f5\\"",
      "Type": "String",
    },
    "AssetParametersa469bbed5c9042743cfd3afac7d8ea5fc0b85b2cf2b2e3ab0800a32be360f1f5S3VersionKeyF50304A9": Object {
      "Description": "S3 key for asset version \\"a469bbed5c9042743cfd3afac7d8ea5fc0b85b2cf2b2e3ab0800a32be360f1f5\\"",
      "Type": "String",
    },
    "AssetParametersb790099645594306233f68c0795856b41f29dea0e7249ac3788a1b9fb4db0c52ArtifactHash65E3792B": Object {
      "Description": "Artifact hash for asset \\"b790099645594306233f68c0795856b41f29dea0e7249ac3788a1b9fb4db0c52\\"",
      "Type": "String",
    },
    "AssetParametersb790099645594306233f68c0795856b41f29dea0e7249ac3788a1b9fb4db0c52S3Bucket0BA766FC": Object {
      "Description": "S3 bucket for asset \\"b790099645594306233f68c0795856b41f29dea0e7249ac3788a1b9fb4db0c52\\"",
      "Type": "String",
    },
    "AssetParametersb790099645594306233f68c0795856b41f29dea0e7249ac3788a1b9fb4db0c52S3VersionKey77187BFE": Object {
      "Description": "S3 key for asset version \\"b790099645594306233f68c0795856b41f29dea0e7249ac3788a1b9fb4db0c52\\"",
      "Type": "String",
    },
    "AssetParameterse9882ab123687399f934da0d45effe675ecc8ce13b40cb946f3e1d6141fe8d68ArtifactHashD9A515C3": Object {
      "Description": "Artifact hash for asset \\"e9882ab123687399f934da0d45effe675ecc8ce13b40cb946f3e1d6141fe8d68\\"",
      "Type": "String",
    },
    "AssetParameterse9882ab123687399f934da0d45effe675ecc8ce13b40cb946f3e1d6141fe8d68S3BucketAEADE8C7": Object {
      "Description": "S3 bucket for asset \\"e9882ab123687399f934da0d45effe675ecc8ce13b40cb946f3e1d6141fe8d68\\"",
      "Type": "String",
    },
    "AssetParameterse9882ab123687399f934da0d45effe675ecc8ce13b40cb946f3e1d6141fe8d68S3VersionKeyE415415F": Object {
      "Description": "S3 key for asset version \\"e9882ab123687399f934da0d45effe675ecc8ce13b40cb946f3e1d6141fe8d68\\"",
      "Type": "String",
    },
  },
  "Resources": Object {
    "CustomErrorPageFuncCA5B64E8": Object {
      "DependsOn": Array [
        "CustomErrorPageFuncServiceRole2995DCAA",
      ],
      "Properties": Object {
        "Code": Object {
          "S3Bucket": Object {
            "Ref": "AssetParametersb790099645594306233f68c0795856b41f29dea0e7249ac3788a1b9fb4db0c52S3Bucket0BA766FC",
          },
          "S3Key": Object {
            "Fn::Join": Array [
              "",
              Array [
                Object {
                  "Fn::Select": Array [
                    0,
                    Object {
                      "Fn::Split": Array [
                        "||",
                        Object {
                          "Ref": "AssetParametersb790099645594306233f68c0795856b41f29dea0e7249ac3788a1b9fb4db0c52S3VersionKey77187BFE",
                        },
                      ],
                    },
                  ],
                },
                Object {
                  "Fn::Select": Array [
                    1,
                    Object {
                      "Fn::Split": Array [
                        "||",
                        Object {
                          "Ref": "AssetParametersb790099645594306233f68c0795856b41f29dea0e7249ac3788a1b9fb4db0c52S3VersionKey77187BFE",
                        },
                      ],
                    },
                  ],
                },
              ],
            ],
          },
        },
        "Handler": "index.handler",
        "Role": Object {
          "Fn::GetAtt": Array [
            "CustomErrorPageFuncServiceRole2995DCAA",
            "Arn",
          ],
        },
        "Runtime": "nodejs14.x",
      },
      "Type": "AWS::Lambda::Function",
    },
    "CustomErrorPageFuncCurrentVersion76C88CF06853a2a4d7e352547914df7a818d26b9": Object {
      "Properties": Object {
        "FunctionName": Object {
          "Ref": "CustomErrorPageFuncCA5B64E8",
        },
      },
      "Type": "AWS::Lambda::Version",
    },
    "CustomErrorPageFuncServiceRole2995DCAA": Object {
      "Properties": Object {
        "AssumeRolePolicyDocument": Object {
          "Statement": Array [
            Object {
              "Action": "sts:AssumeRole",
              "Effect": "Allow",
              "Principal": Object {
                "Service": "lambda.amazonaws.com",
              },
            },
            Object {
              "Action": "sts:AssumeRole",
              "Effect": "Allow",
              "Principal": Object {
                "Service": "edgelambda.amazonaws.com",
              },
            },
          ],
          "Version": "2012-10-17",
        },
        "ManagedPolicyArns": Array [
          Object {
            "Fn::Join": Array [
              "",
              Array [
                "arn:",
                Object {
                  "Ref": "AWS::Partition",
                },
                ":iam::aws:policy/service-role/AWSLambdaBasicExecutionRole",
              ],
            ],
          },
        ],
      },
      "Type": "AWS::IAM::Role",
    },
    "CustomErrorPageNestedStackCustomErrorPageNestedStackResource5229F8E2": Object {
      "DeletionPolicy": "Delete",
      "Properties": Object {
        "Parameters": Object {
          "referencetodemostackAssetParameters00f2465b209575c44977ca8ff1c81d86d002849272ede5a8a90ac87dfff1e494S3Bucket82354935Ref": Object {
            "Ref": "AssetParameters00f2465b209575c44977ca8ff1c81d86d002849272ede5a8a90ac87dfff1e494S3Bucket33B61C3E",
          },
          "referencetodemostackAssetParameters00f2465b209575c44977ca8ff1c81d86d002849272ede5a8a90ac87dfff1e494S3VersionKey834C5E4ERef": Object {
            "Ref": "AssetParameters00f2465b209575c44977ca8ff1c81d86d002849272ede5a8a90ac87dfff1e494S3VersionKeyDE2514FF",
          },
          "referencetodemostackAssetParameters1f6de40da10b415b255c07df709f791e772ffb9f7bdd14ad81fb75643aad24eaS3Bucket92EFBE51Ref": Object {
            "Ref": "AssetParameters1f6de40da10b415b255c07df709f791e772ffb9f7bdd14ad81fb75643aad24eaS3BucketD8D20B9A",
          },
          "referencetodemostackAssetParameters1f6de40da10b415b255c07df709f791e772ffb9f7bdd14ad81fb75643aad24eaS3VersionKey4B9D1700Ref": Object {
            "Ref": "AssetParameters1f6de40da10b415b255c07df709f791e772ffb9f7bdd14ad81fb75643aad24eaS3VersionKeyCD2774D3",
          },
          "referencetodemostackAssetParametersa469bbed5c9042743cfd3afac7d8ea5fc0b85b2cf2b2e3ab0800a32be360f1f5S3BucketE752BB25Ref": Object {
            "Ref": "AssetParametersa469bbed5c9042743cfd3afac7d8ea5fc0b85b2cf2b2e3ab0800a32be360f1f5S3Bucket3600E69A",
          },
          "referencetodemostackAssetParametersa469bbed5c9042743cfd3afac7d8ea5fc0b85b2cf2b2e3ab0800a32be360f1f5S3VersionKey0BF3F7C5Ref": Object {
            "Ref": "AssetParametersa469bbed5c9042743cfd3afac7d8ea5fc0b85b2cf2b2e3ab0800a32be360f1f5S3VersionKeyF50304A9",
          },
          "referencetodemostackAssetParameterse9882ab123687399f934da0d45effe675ecc8ce13b40cb946f3e1d6141fe8d68S3Bucket05F403B0Ref": Object {
            "Ref": "AssetParameterse9882ab123687399f934da0d45effe675ecc8ce13b40cb946f3e1d6141fe8d68S3BucketAEADE8C7",
          },
          "referencetodemostackAssetParameterse9882ab123687399f934da0d45effe675ecc8ce13b40cb946f3e1d6141fe8d68S3VersionKey95DC3028Ref": Object {
            "Ref": "AssetParameterse9882ab123687399f934da0d45effe675ecc8ce13b40cb946f3e1d6141fe8d68S3VersionKeyE415415F",
          },
        },
        "TemplateURL": Object {
          "Fn::Join": Array [
            "",
            Array [
              "https://s3.",
              Object {
                "Ref": "AWS::Region",
              },
              ".",
              Object {
                "Ref": "AWS::URLSuffix",
              },
              "/",
              Object {
                "Ref": "AssetParameters190d8b8c5d41821e0b19782573f80a31d0d74cd8e75d16ea917c8d817d209d12S3BucketD9EFFEE5",
              },
              "/",
              Object {
                "Fn::Select": Array [
                  0,
                  Object {
                    "Fn::Split": Array [
                      "||",
                      Object {
                        "Ref": "AssetParameters190d8b8c5d41821e0b19782573f80a31d0d74cd8e75d16ea917c8d817d209d12S3VersionKeyB34C7F9B",
                      },
                    ],
                  },
                ],
              },
              Object {
                "Fn::Select": Array [
                  1,
                  Object {
                    "Fn::Split": Array [
                      "||",
                      Object {
                        "Ref": "AssetParameters190d8b8c5d41821e0b19782573f80a31d0d74cd8e75d16ea917c8d817d209d12S3VersionKeyB34C7F9B",
                      },
                    ],
                  },
                ],
              },
            ],
          ],
        },
      },
      "Type": "AWS::CloudFormation::Stack",
      "UpdateReplacePolicy": "Delete",
    },
    "distributionCFDistribution99A57736": Object {
      "Properties": Object {
        "DistributionConfig": Object {
          "DefaultCacheBehavior": Object {
            "AllowedMethods": Array [
              "GET",
              "HEAD",
            ],
            "CachedMethods": Array [
              "GET",
              "HEAD",
            ],
            "Compress": true,
            "DefaultTTL": 10,
            "ForwardedValues": Object {
              "Cookies": Object {
                "Forward": "none",
              },
              "QueryString": false,
            },
            "LambdaFunctionAssociations": Array [
              Object {
                "EventType": "origin-response",
                "IncludeBody": false,
                "LambdaFunctionARN": Object {
                  "Ref": "CustomErrorPageFuncCurrentVersion76C88CF06853a2a4d7e352547914df7a818d26b9",
                },
              },
            ],
            "TargetOriginId": "origin1",
            "ViewerProtocolPolicy": "redirect-to-https",
          },
          "DefaultRootObject": "index.html",
          "Enabled": true,
          "HttpVersion": "http2",
          "IPV6Enabled": true,
          "Origins": Array [
            Object {
              "ConnectionAttempts": 3,
              "ConnectionTimeout": 10,
              "DomainName": Object {
                "Fn::GetAtt": Array [
                  "CustomErrorPageNestedStackCustomErrorPageNestedStackResource5229F8E2",
                  "Outputs.demostackCustomErrorPagedemoBucketE1FE2EC9RegionalDomainName",
                ],
              },
              "Id": "origin1",
              "S3OriginConfig": Object {
                "OriginAccessIdentity": Object {
                  "Fn::Join": Array [
                    "",
                    Array [
                      "origin-access-identity/cloudfront/",
                      Object {
                        "Fn::GetAtt": Array [
                          "CustomErrorPageNestedStackCustomErrorPageNestedStackResource5229F8E2",
                          "Outputs.demostackCustomErrorPageOriginAccessIdentityDA9AFBCARef",
                        ],
                      },
                    ],
                  ],
                },
              },
            },
          ],
          "PriceClass": "PriceClass_100",
          "ViewerCertificate": Object {
            "CloudFrontDefaultCertificate": true,
          },
        },
      },
      "Type": "AWS::CloudFront::Distribution",
    },
  },
}
`;
