// Jest Snapshot v1, https://goo.gl/fbAQLP

exports[`minimal usage 1`] = `
Object {
  "Outputs": Object {
    "distributionDomainName": Object {
      "Value": Object {
        "Fn::GetAtt": Array [
          "distributionCFDistribution99A57736",
          "DomainName",
        ],
      },
    },
  },
  "Parameters": Object {
    "AssetParameters1f7e277bd526ebce1983fa1e7a84a5281ec533d9187caaebb773681bbf7bf4c1ArtifactHash0128B949": Object {
      "Description": "Artifact hash for asset \\"1f7e277bd526ebce1983fa1e7a84a5281ec533d9187caaebb773681bbf7bf4c1\\"",
      "Type": "String",
    },
    "AssetParameters1f7e277bd526ebce1983fa1e7a84a5281ec533d9187caaebb773681bbf7bf4c1S3Bucket4842F32D": Object {
      "Description": "S3 bucket for asset \\"1f7e277bd526ebce1983fa1e7a84a5281ec533d9187caaebb773681bbf7bf4c1\\"",
      "Type": "String",
    },
    "AssetParameters1f7e277bd526ebce1983fa1e7a84a5281ec533d9187caaebb773681bbf7bf4c1S3VersionKeyD0A0B57A": Object {
      "Description": "S3 key for asset version \\"1f7e277bd526ebce1983fa1e7a84a5281ec533d9187caaebb773681bbf7bf4c1\\"",
      "Type": "String",
    },
    "AssetParametersa3058ccb468d757ebb89df5363a1c20f5307c6911136f29d00e1a68c9b2aa7e8ArtifactHash238275D6": Object {
      "Description": "Artifact hash for asset \\"a3058ccb468d757ebb89df5363a1c20f5307c6911136f29d00e1a68c9b2aa7e8\\"",
      "Type": "String",
    },
    "AssetParametersa3058ccb468d757ebb89df5363a1c20f5307c6911136f29d00e1a68c9b2aa7e8S3BucketD1AD544E": Object {
      "Description": "S3 bucket for asset \\"a3058ccb468d757ebb89df5363a1c20f5307c6911136f29d00e1a68c9b2aa7e8\\"",
      "Type": "String",
    },
    "AssetParametersa3058ccb468d757ebb89df5363a1c20f5307c6911136f29d00e1a68c9b2aa7e8S3VersionKey93A19D70": Object {
      "Description": "S3 key for asset version \\"a3058ccb468d757ebb89df5363a1c20f5307c6911136f29d00e1a68c9b2aa7e8\\"",
      "Type": "String",
    },
    "AssetParametersa469bbed5c9042743cfd3afac7d8ea5fc0b85b2cf2b2e3ab0800a32be360f1f5ArtifactHash2D20D482": Object {
      "Description": "Artifact hash for asset \\"a469bbed5c9042743cfd3afac7d8ea5fc0b85b2cf2b2e3ab0800a32be360f1f5\\"",
      "Type": "String",
    },
    "AssetParametersa469bbed5c9042743cfd3afac7d8ea5fc0b85b2cf2b2e3ab0800a32be360f1f5S3Bucket3600E69A": Object {
      "Description": "S3 bucket for asset \\"a469bbed5c9042743cfd3afac7d8ea5fc0b85b2cf2b2e3ab0800a32be360f1f5\\"",
      "Type": "String",
    },
    "AssetParametersa469bbed5c9042743cfd3afac7d8ea5fc0b85b2cf2b2e3ab0800a32be360f1f5S3VersionKeyF50304A9": Object {
      "Description": "S3 key for asset version \\"a469bbed5c9042743cfd3afac7d8ea5fc0b85b2cf2b2e3ab0800a32be360f1f5\\"",
      "Type": "String",
    },
    "AssetParametersb790099645594306233f68c0795856b41f29dea0e7249ac3788a1b9fb4db0c52ArtifactHash65E3792B": Object {
      "Description": "Artifact hash for asset \\"b790099645594306233f68c0795856b41f29dea0e7249ac3788a1b9fb4db0c52\\"",
      "Type": "String",
    },
    "AssetParametersb790099645594306233f68c0795856b41f29dea0e7249ac3788a1b9fb4db0c52S3Bucket0BA766FC": Object {
      "Description": "S3 bucket for asset \\"b790099645594306233f68c0795856b41f29dea0e7249ac3788a1b9fb4db0c52\\"",
      "Type": "String",
    },
    "AssetParametersb790099645594306233f68c0795856b41f29dea0e7249ac3788a1b9fb4db0c52S3VersionKey77187BFE": Object {
      "Description": "S3 key for asset version \\"b790099645594306233f68c0795856b41f29dea0e7249ac3788a1b9fb4db0c52\\"",
      "Type": "String",
    },
    "AssetParameterse9882ab123687399f934da0d45effe675ecc8ce13b40cb946f3e1d6141fe8d68ArtifactHashD9A515C3": Object {
      "Description": "Artifact hash for asset \\"e9882ab123687399f934da0d45effe675ecc8ce13b40cb946f3e1d6141fe8d68\\"",
      "Type": "String",
    },
    "AssetParameterse9882ab123687399f934da0d45effe675ecc8ce13b40cb946f3e1d6141fe8d68S3BucketAEADE8C7": Object {
      "Description": "S3 bucket for asset \\"e9882ab123687399f934da0d45effe675ecc8ce13b40cb946f3e1d6141fe8d68\\"",
      "Type": "String",
    },
    "AssetParameterse9882ab123687399f934da0d45effe675ecc8ce13b40cb946f3e1d6141fe8d68S3VersionKeyE415415F": Object {
      "Description": "S3 key for asset version \\"e9882ab123687399f934da0d45effe675ecc8ce13b40cb946f3e1d6141fe8d68\\"",
      "Type": "String",
    },
    "AssetParametersfb9dbb731651b18eb6b9538d6814e4d72ed7ea6c8b9eaf2a6f13f7c36c70c8f6ArtifactHash4C64FF33": Object {
      "Description": "Artifact hash for asset \\"fb9dbb731651b18eb6b9538d6814e4d72ed7ea6c8b9eaf2a6f13f7c36c70c8f6\\"",
      "Type": "String",
    },
    "AssetParametersfb9dbb731651b18eb6b9538d6814e4d72ed7ea6c8b9eaf2a6f13f7c36c70c8f6S3Bucket479BA8F1": Object {
      "Description": "S3 bucket for asset \\"fb9dbb731651b18eb6b9538d6814e4d72ed7ea6c8b9eaf2a6f13f7c36c70c8f6\\"",
      "Type": "String",
    },
    "AssetParametersfb9dbb731651b18eb6b9538d6814e4d72ed7ea6c8b9eaf2a6f13f7c36c70c8f6S3VersionKey4269E15B": Object {
      "Description": "S3 key for asset version \\"fb9dbb731651b18eb6b9538d6814e4d72ed7ea6c8b9eaf2a6f13f7c36c70c8f6\\"",
      "Type": "String",
    },
  },
  "Resources": Object {
    "CustomErrorPageFuncCA5B64E8": Object {
      "DependsOn": Array [
        "CustomErrorPageFuncServiceRole2995DCAA",
      ],
      "Properties": Object {
        "Code": Object {
          "S3Bucket": Object {
            "Ref": "AssetParametersb790099645594306233f68c0795856b41f29dea0e7249ac3788a1b9fb4db0c52S3Bucket0BA766FC",
          },
          "S3Key": Object {
            "Fn::Join": Array [
              "",
              Array [
                Object {
                  "Fn::Select": Array [
                    0,
                    Object {
                      "Fn::Split": Array [
                        "||",
                        Object {
                          "Ref": "AssetParametersb790099645594306233f68c0795856b41f29dea0e7249ac3788a1b9fb4db0c52S3VersionKey77187BFE",
                        },
                      ],
                    },
                  ],
                },
                Object {
                  "Fn::Select": Array [
                    1,
                    Object {
                      "Fn::Split": Array [
                        "||",
                        Object {
                          "Ref": "AssetParametersb790099645594306233f68c0795856b41f29dea0e7249ac3788a1b9fb4db0c52S3VersionKey77187BFE",
                        },
                      ],
                    },
                  ],
                },
              ],
            ],
          },
        },
        "Handler": "index.handler",
        "Role": Object {
          "Fn::GetAtt": Array [
            "CustomErrorPageFuncServiceRole2995DCAA",
            "Arn",
          ],
        },
        "Runtime": "nodejs14.x",
      },
      "Type": "AWS::Lambda::Function",
    },
    "CustomErrorPageFuncCurrentVersion76C88CF06853a2a4d7e352547914df7a818d26b9": Object {
      "Properties": Object {
        "FunctionName": Object {
          "Ref": "CustomErrorPageFuncCA5B64E8",
        },
      },
      "Type": "AWS::Lambda::Version",
    },
    "CustomErrorPageFuncServiceRole2995DCAA": Object {
      "Properties": Object {
        "AssumeRolePolicyDocument": Object {
          "Statement": Array [
            Object {
              "Action": "sts:AssumeRole",
              "Effect": "Allow",
              "Principal": Object {
                "Service": "lambda.amazonaws.com",
              },
            },
            Object {
              "Action": "sts:AssumeRole",
              "Effect": "Allow",
              "Principal": Object {
                "Service": "edgelambda.amazonaws.com",
              },
            },
          ],
          "Version": "2012-10-17",
        },
        "ManagedPolicyArns": Array [
          Object {
            "Fn::Join": Array [
              "",
              Array [
                "arn:",
                Object {
                  "Ref": "AWS::Partition",
                },
                ":iam::aws:policy/service-role/AWSLambdaBasicExecutionRole",
              ],
            ],
          },
        ],
      },
      "Type": "AWS::IAM::Role",
    },
    "CustomErrorPageNestedStackCustomErrorPageNestedStackResource5229F8E2": Object {
      "DeletionPolicy": "Delete",
      "Properties": Object {
        "Parameters": Object {
          "referencetodemostackAssetParameters1f7e277bd526ebce1983fa1e7a84a5281ec533d9187caaebb773681bbf7bf4c1S3BucketE2425E3BRef": Object {
            "Ref": "AssetParameters1f7e277bd526ebce1983fa1e7a84a5281ec533d9187caaebb773681bbf7bf4c1S3Bucket4842F32D",
          },
          "referencetodemostackAssetParameters1f7e277bd526ebce1983fa1e7a84a5281ec533d9187caaebb773681bbf7bf4c1S3VersionKeyDFD5D33ERef": Object {
            "Ref": "AssetParameters1f7e277bd526ebce1983fa1e7a84a5281ec533d9187caaebb773681bbf7bf4c1S3VersionKeyD0A0B57A",
          },
          "referencetodemostackAssetParametersa3058ccb468d757ebb89df5363a1c20f5307c6911136f29d00e1a68c9b2aa7e8S3Bucket1376EF56Ref": Object {
            "Ref": "AssetParametersa3058ccb468d757ebb89df5363a1c20f5307c6911136f29d00e1a68c9b2aa7e8S3BucketD1AD544E",
          },
          "referencetodemostackAssetParametersa3058ccb468d757ebb89df5363a1c20f5307c6911136f29d00e1a68c9b2aa7e8S3VersionKeyBDEEDBC9Ref": Object {
            "Ref": "AssetParametersa3058ccb468d757ebb89df5363a1c20f5307c6911136f29d00e1a68c9b2aa7e8S3VersionKey93A19D70",
          },
          "referencetodemostackAssetParametersa469bbed5c9042743cfd3afac7d8ea5fc0b85b2cf2b2e3ab0800a32be360f1f5S3BucketE752BB25Ref": Object {
            "Ref": "AssetParametersa469bbed5c9042743cfd3afac7d8ea5fc0b85b2cf2b2e3ab0800a32be360f1f5S3Bucket3600E69A",
          },
          "referencetodemostackAssetParametersa469bbed5c9042743cfd3afac7d8ea5fc0b85b2cf2b2e3ab0800a32be360f1f5S3VersionKey0BF3F7C5Ref": Object {
            "Ref": "AssetParametersa469bbed5c9042743cfd3afac7d8ea5fc0b85b2cf2b2e3ab0800a32be360f1f5S3VersionKeyF50304A9",
          },
          "referencetodemostackAssetParameterse9882ab123687399f934da0d45effe675ecc8ce13b40cb946f3e1d6141fe8d68S3Bucket05F403B0Ref": Object {
            "Ref": "AssetParameterse9882ab123687399f934da0d45effe675ecc8ce13b40cb946f3e1d6141fe8d68S3BucketAEADE8C7",
          },
          "referencetodemostackAssetParameterse9882ab123687399f934da0d45effe675ecc8ce13b40cb946f3e1d6141fe8d68S3VersionKey95DC3028Ref": Object {
            "Ref": "AssetParameterse9882ab123687399f934da0d45effe675ecc8ce13b40cb946f3e1d6141fe8d68S3VersionKeyE415415F",
          },
        },
        "TemplateURL": Object {
          "Fn::Join": Array [
            "",
            Array [
              "https://s3.",
              Object {
                "Ref": "AWS::Region",
              },
              ".",
              Object {
                "Ref": "AWS::URLSuffix",
              },
              "/",
              Object {
                "Ref": "AssetParametersfb9dbb731651b18eb6b9538d6814e4d72ed7ea6c8b9eaf2a6f13f7c36c70c8f6S3Bucket479BA8F1",
              },
              "/",
              Object {
                "Fn::Select": Array [
                  0,
                  Object {
                    "Fn::Split": Array [
                      "||",
                      Object {
                        "Ref": "AssetParametersfb9dbb731651b18eb6b9538d6814e4d72ed7ea6c8b9eaf2a6f13f7c36c70c8f6S3VersionKey4269E15B",
                      },
                    ],
                  },
                ],
              },
              Object {
                "Fn::Select": Array [
                  1,
                  Object {
                    "Fn::Split": Array [
                      "||",
                      Object {
                        "Ref": "AssetParametersfb9dbb731651b18eb6b9538d6814e4d72ed7ea6c8b9eaf2a6f13f7c36c70c8f6S3VersionKey4269E15B",
                      },
                    ],
                  },
                ],
              },
            ],
          ],
        },
      },
      "Type": "AWS::CloudFormation::Stack",
      "UpdateReplacePolicy": "Delete",
    },
    "distributionCFDistribution99A57736": Object {
      "Properties": Object {
        "DistributionConfig": Object {
          "DefaultCacheBehavior": Object {
            "AllowedMethods": Array [
              "GET",
              "HEAD",
            ],
            "CachedMethods": Array [
              "GET",
              "HEAD",
            ],
            "Compress": true,
            "DefaultTTL": 10,
            "ForwardedValues": Object {
              "Cookies": Object {
                "Forward": "none",
              },
              "QueryString": false,
            },
            "LambdaFunctionAssociations": Array [
              Object {
                "EventType": "origin-response",
                "IncludeBody": false,
                "LambdaFunctionARN": Object {
                  "Ref": "CustomErrorPageFuncCurrentVersion76C88CF06853a2a4d7e352547914df7a818d26b9",
                },
              },
            ],
            "TargetOriginId": "origin1",
            "ViewerProtocolPolicy": "redirect-to-https",
          },
          "DefaultRootObject": "index.html",
          "Enabled": true,
          "HttpVersion": "http2",
          "IPV6Enabled": true,
          "Origins": Array [
            Object {
              "ConnectionAttempts": 3,
              "ConnectionTimeout": 10,
              "DomainName": Object {
                "Fn::GetAtt": Array [
                  "CustomErrorPageNestedStackCustomErrorPageNestedStackResource5229F8E2",
                  "Outputs.demostackCustomErrorPagedemoBucketE1FE2EC9RegionalDomainName",
                ],
              },
              "Id": "origin1",
              "S3OriginConfig": Object {
                "OriginAccessIdentity": Object {
                  "Fn::Join": Array [
                    "",
                    Array [
                      "origin-access-identity/cloudfront/",
                      Object {
                        "Fn::GetAtt": Array [
                          "CustomErrorPageNestedStackCustomErrorPageNestedStackResource5229F8E2",
                          "Outputs.demostackCustomErrorPageOriginAccessIdentityDA9AFBCARef",
                        ],
                      },
                    ],
                  ],
                },
              },
            },
          ],
          "PriceClass": "PriceClass_100",
          "ViewerCertificate": Object {
            "CloudFrontDefaultCertificate": true,
          },
        },
      },
      "Type": "AWS::CloudFront::Distribution",
    },
  },
}
`;
