// Jest Snapshot v1, https://goo.gl/fbAQLP

exports[`minimal usage 1`] = `
Object {
  "Outputs": Object {
    "distributionDomainName": Object {
      "Value": Object {
        "Fn::GetAtt": Array [
          "CloudFrontWebDistributionCFDistribution9F34B88B",
          "DomainName",
        ],
      },
    },
  },
  "Parameters": Object {
    "AssetParameters00f2465b209575c44977ca8ff1c81d86d002849272ede5a8a90ac87dfff1e494ArtifactHashC2E6E6C0": Object {
      "Description": "Artifact hash for asset \\"00f2465b209575c44977ca8ff1c81d86d002849272ede5a8a90ac87dfff1e494\\"",
      "Type": "String",
    },
    "AssetParameters00f2465b209575c44977ca8ff1c81d86d002849272ede5a8a90ac87dfff1e494S3Bucket33B61C3E": Object {
      "Description": "S3 bucket for asset \\"00f2465b209575c44977ca8ff1c81d86d002849272ede5a8a90ac87dfff1e494\\"",
      "Type": "String",
    },
    "AssetParameters00f2465b209575c44977ca8ff1c81d86d002849272ede5a8a90ac87dfff1e494S3VersionKeyDE2514FF": Object {
      "Description": "S3 key for asset version \\"00f2465b209575c44977ca8ff1c81d86d002849272ede5a8a90ac87dfff1e494\\"",
      "Type": "String",
    },
    "AssetParametersa3058ccb468d757ebb89df5363a1c20f5307c6911136f29d00e1a68c9b2aa7e8ArtifactHash238275D6": Object {
      "Description": "Artifact hash for asset \\"a3058ccb468d757ebb89df5363a1c20f5307c6911136f29d00e1a68c9b2aa7e8\\"",
      "Type": "String",
    },
    "AssetParametersa3058ccb468d757ebb89df5363a1c20f5307c6911136f29d00e1a68c9b2aa7e8S3BucketD1AD544E": Object {
      "Description": "S3 bucket for asset \\"a3058ccb468d757ebb89df5363a1c20f5307c6911136f29d00e1a68c9b2aa7e8\\"",
      "Type": "String",
    },
    "AssetParametersa3058ccb468d757ebb89df5363a1c20f5307c6911136f29d00e1a68c9b2aa7e8S3VersionKey93A19D70": Object {
      "Description": "S3 key for asset version \\"a3058ccb468d757ebb89df5363a1c20f5307c6911136f29d00e1a68c9b2aa7e8\\"",
      "Type": "String",
    },
    "AssetParametersa469bbed5c9042743cfd3afac7d8ea5fc0b85b2cf2b2e3ab0800a32be360f1f5ArtifactHash2D20D482": Object {
      "Description": "Artifact hash for asset \\"a469bbed5c9042743cfd3afac7d8ea5fc0b85b2cf2b2e3ab0800a32be360f1f5\\"",
      "Type": "String",
    },
    "AssetParametersa469bbed5c9042743cfd3afac7d8ea5fc0b85b2cf2b2e3ab0800a32be360f1f5S3Bucket3600E69A": Object {
      "Description": "S3 bucket for asset \\"a469bbed5c9042743cfd3afac7d8ea5fc0b85b2cf2b2e3ab0800a32be360f1f5\\"",
      "Type": "String",
    },
    "AssetParametersa469bbed5c9042743cfd3afac7d8ea5fc0b85b2cf2b2e3ab0800a32be360f1f5S3VersionKeyF50304A9": Object {
      "Description": "S3 key for asset version \\"a469bbed5c9042743cfd3afac7d8ea5fc0b85b2cf2b2e3ab0800a32be360f1f5\\"",
      "Type": "String",
    },
    "AssetParametersa94d8a5f50a250f7b1e0d19e18f68d0efca3ff4d51935c04e06904c4d7cd332bArtifactHash4693A668": Object {
      "Description": "Artifact hash for asset \\"a94d8a5f50a250f7b1e0d19e18f68d0efca3ff4d51935c04e06904c4d7cd332b\\"",
      "Type": "String",
    },
    "AssetParametersa94d8a5f50a250f7b1e0d19e18f68d0efca3ff4d51935c04e06904c4d7cd332bS3BucketD6BEFBEF": Object {
      "Description": "S3 bucket for asset \\"a94d8a5f50a250f7b1e0d19e18f68d0efca3ff4d51935c04e06904c4d7cd332b\\"",
      "Type": "String",
    },
    "AssetParametersa94d8a5f50a250f7b1e0d19e18f68d0efca3ff4d51935c04e06904c4d7cd332bS3VersionKey394C89A2": Object {
      "Description": "S3 key for asset version \\"a94d8a5f50a250f7b1e0d19e18f68d0efca3ff4d51935c04e06904c4d7cd332b\\"",
      "Type": "String",
    },
    "AssetParameterse05214cdf25c53a9ad65ed51db437bd7e4ddd93b803eec6a51fa30c281a93962ArtifactHashAB0AFF8B": Object {
      "Description": "Artifact hash for asset \\"e05214cdf25c53a9ad65ed51db437bd7e4ddd93b803eec6a51fa30c281a93962\\"",
      "Type": "String",
    },
    "AssetParameterse05214cdf25c53a9ad65ed51db437bd7e4ddd93b803eec6a51fa30c281a93962S3BucketAA5F45A8": Object {
      "Description": "S3 bucket for asset \\"e05214cdf25c53a9ad65ed51db437bd7e4ddd93b803eec6a51fa30c281a93962\\"",
      "Type": "String",
    },
    "AssetParameterse05214cdf25c53a9ad65ed51db437bd7e4ddd93b803eec6a51fa30c281a93962S3VersionKey17A0F4A9": Object {
      "Description": "S3 key for asset version \\"e05214cdf25c53a9ad65ed51db437bd7e4ddd93b803eec6a51fa30c281a93962\\"",
      "Type": "String",
    },
    "AssetParameterse9882ab123687399f934da0d45effe675ecc8ce13b40cb946f3e1d6141fe8d68ArtifactHashD9A515C3": Object {
      "Description": "Artifact hash for asset \\"e9882ab123687399f934da0d45effe675ecc8ce13b40cb946f3e1d6141fe8d68\\"",
      "Type": "String",
    },
    "AssetParameterse9882ab123687399f934da0d45effe675ecc8ce13b40cb946f3e1d6141fe8d68S3BucketAEADE8C7": Object {
      "Description": "S3 bucket for asset \\"e9882ab123687399f934da0d45effe675ecc8ce13b40cb946f3e1d6141fe8d68\\"",
      "Type": "String",
    },
    "AssetParameterse9882ab123687399f934da0d45effe675ecc8ce13b40cb946f3e1d6141fe8d68S3VersionKeyE415415F": Object {
      "Description": "S3 key for asset version \\"e9882ab123687399f934da0d45effe675ecc8ce13b40cb946f3e1d6141fe8d68\\"",
      "Type": "String",
    },
  },
  "Resources": Object {
    "CloudFrontWebDistributionCFDistribution9F34B88B": Object {
      "Properties": Object {
        "DistributionConfig": Object {
          "DefaultCacheBehavior": Object {
            "AllowedMethods": Array [
              "GET",
              "HEAD",
            ],
            "CachedMethods": Array [
              "GET",
              "HEAD",
            ],
            "Compress": true,
            "ForwardedValues": Object {
              "Cookies": Object {
                "Forward": "none",
              },
              "QueryString": false,
            },
            "LambdaFunctionAssociations": Array [
              Object {
                "EventType": "origin-request",
                "IncludeBody": false,
                "LambdaFunctionARN": Object {
                  "Ref": "DefaultDirIndexFuncCurrentVersion61C93436d7926ded3582d5027cc50445a32deeb8",
                },
              },
            ],
            "TargetOriginId": "origin1",
            "ViewerProtocolPolicy": "redirect-to-https",
          },
          "DefaultRootObject": "index.html",
          "Enabled": true,
          "HttpVersion": "http2",
          "IPV6Enabled": false,
          "Origins": Array [
            Object {
              "ConnectionAttempts": 3,
              "ConnectionTimeout": 10,
              "DomainName": Object {
                "Fn::GetAtt": Array [
                  "DefaultDirIndexDemoNestedStackDefaultDirIndexDemoNestedStackResource55AA5BD2",
                  "Outputs.demostackDefaultDirIndexDemodemoBucket154941C9RegionalDomainName",
                ],
              },
              "Id": "origin1",
              "S3OriginConfig": Object {
                "OriginAccessIdentity": Object {
                  "Fn::Join": Array [
                    "",
                    Array [
                      "origin-access-identity/cloudfront/",
                      Object {
                        "Fn::GetAtt": Array [
                          "DefaultDirIndexDemoNestedStackDefaultDirIndexDemoNestedStackResource55AA5BD2",
                          "Outputs.demostackDefaultDirIndexDemoOriginAccessIdentityD600ECC8Ref",
                        ],
                      },
                    ],
                  ],
                },
              },
            },
          ],
          "PriceClass": "PriceClass_100",
          "ViewerCertificate": Object {
            "CloudFrontDefaultCertificate": true,
          },
        },
      },
      "Type": "AWS::CloudFront::Distribution",
    },
    "DefaultDirIndexDemoNestedStackDefaultDirIndexDemoNestedStackResource55AA5BD2": Object {
      "DeletionPolicy": "Delete",
      "Properties": Object {
        "Parameters": Object {
          "referencetodemostackAssetParameters00f2465b209575c44977ca8ff1c81d86d002849272ede5a8a90ac87dfff1e494S3Bucket82354935Ref": Object {
            "Ref": "AssetParameters00f2465b209575c44977ca8ff1c81d86d002849272ede5a8a90ac87dfff1e494S3Bucket33B61C3E",
          },
          "referencetodemostackAssetParameters00f2465b209575c44977ca8ff1c81d86d002849272ede5a8a90ac87dfff1e494S3VersionKey834C5E4ERef": Object {
            "Ref": "AssetParameters00f2465b209575c44977ca8ff1c81d86d002849272ede5a8a90ac87dfff1e494S3VersionKeyDE2514FF",
          },
          "referencetodemostackAssetParametersa3058ccb468d757ebb89df5363a1c20f5307c6911136f29d00e1a68c9b2aa7e8S3Bucket1376EF56Ref": Object {
            "Ref": "AssetParametersa3058ccb468d757ebb89df5363a1c20f5307c6911136f29d00e1a68c9b2aa7e8S3BucketD1AD544E",
          },
          "referencetodemostackAssetParametersa3058ccb468d757ebb89df5363a1c20f5307c6911136f29d00e1a68c9b2aa7e8S3VersionKeyBDEEDBC9Ref": Object {
            "Ref": "AssetParametersa3058ccb468d757ebb89df5363a1c20f5307c6911136f29d00e1a68c9b2aa7e8S3VersionKey93A19D70",
          },
          "referencetodemostackAssetParametersa469bbed5c9042743cfd3afac7d8ea5fc0b85b2cf2b2e3ab0800a32be360f1f5S3BucketE752BB25Ref": Object {
            "Ref": "AssetParametersa469bbed5c9042743cfd3afac7d8ea5fc0b85b2cf2b2e3ab0800a32be360f1f5S3Bucket3600E69A",
          },
          "referencetodemostackAssetParametersa469bbed5c9042743cfd3afac7d8ea5fc0b85b2cf2b2e3ab0800a32be360f1f5S3VersionKey0BF3F7C5Ref": Object {
            "Ref": "AssetParametersa469bbed5c9042743cfd3afac7d8ea5fc0b85b2cf2b2e3ab0800a32be360f1f5S3VersionKeyF50304A9",
          },
          "referencetodemostackAssetParameterse9882ab123687399f934da0d45effe675ecc8ce13b40cb946f3e1d6141fe8d68S3Bucket05F403B0Ref": Object {
            "Ref": "AssetParameterse9882ab123687399f934da0d45effe675ecc8ce13b40cb946f3e1d6141fe8d68S3BucketAEADE8C7",
          },
          "referencetodemostackAssetParameterse9882ab123687399f934da0d45effe675ecc8ce13b40cb946f3e1d6141fe8d68S3VersionKey95DC3028Ref": Object {
            "Ref": "AssetParameterse9882ab123687399f934da0d45effe675ecc8ce13b40cb946f3e1d6141fe8d68S3VersionKeyE415415F",
          },
        },
        "TemplateURL": Object {
          "Fn::Join": Array [
            "",
            Array [
              "https://s3.",
              Object {
                "Ref": "AWS::Region",
              },
              ".",
              Object {
                "Ref": "AWS::URLSuffix",
              },
              "/",
              Object {
                "Ref": "AssetParameterse05214cdf25c53a9ad65ed51db437bd7e4ddd93b803eec6a51fa30c281a93962S3BucketAA5F45A8",
              },
              "/",
              Object {
                "Fn::Select": Array [
                  0,
                  Object {
                    "Fn::Split": Array [
                      "||",
                      Object {
                        "Ref": "AssetParameterse05214cdf25c53a9ad65ed51db437bd7e4ddd93b803eec6a51fa30c281a93962S3VersionKey17A0F4A9",
                      },
                    ],
                  },
                ],
              },
              Object {
                "Fn::Select": Array [
                  1,
                  Object {
                    "Fn::Split": Array [
                      "||",
                      Object {
                        "Ref": "AssetParameterse05214cdf25c53a9ad65ed51db437bd7e4ddd93b803eec6a51fa30c281a93962S3VersionKey17A0F4A9",
                      },
                    ],
                  },
                ],
              },
            ],
          ],
        },
      },
      "Type": "AWS::CloudFormation::Stack",
      "UpdateReplacePolicy": "Delete",
    },
    "DefaultDirIndexFuncCurrentVersion61C93436d7926ded3582d5027cc50445a32deeb8": Object {
      "Properties": Object {
        "FunctionName": Object {
          "Ref": "DefaultDirIndexFuncE3589D1E",
        },
      },
      "Type": "AWS::Lambda::Version",
    },
    "DefaultDirIndexFuncE3589D1E": Object {
      "DependsOn": Array [
        "DefaultDirIndexFuncServiceRole6AB4262B",
      ],
      "Properties": Object {
        "Code": Object {
          "S3Bucket": Object {
            "Ref": "AssetParametersa94d8a5f50a250f7b1e0d19e18f68d0efca3ff4d51935c04e06904c4d7cd332bS3BucketD6BEFBEF",
          },
          "S3Key": Object {
            "Fn::Join": Array [
              "",
              Array [
                Object {
                  "Fn::Select": Array [
                    0,
                    Object {
                      "Fn::Split": Array [
                        "||",
                        Object {
                          "Ref": "AssetParametersa94d8a5f50a250f7b1e0d19e18f68d0efca3ff4d51935c04e06904c4d7cd332bS3VersionKey394C89A2",
                        },
                      ],
                    },
                  ],
                },
                Object {
                  "Fn::Select": Array [
                    1,
                    Object {
                      "Fn::Split": Array [
                        "||",
                        Object {
                          "Ref": "AssetParametersa94d8a5f50a250f7b1e0d19e18f68d0efca3ff4d51935c04e06904c4d7cd332bS3VersionKey394C89A2",
                        },
                      ],
                    },
                  ],
                },
              ],
            ],
          },
        },
        "Handler": "index.handler",
        "Role": Object {
          "Fn::GetAtt": Array [
            "DefaultDirIndexFuncServiceRole6AB4262B",
            "Arn",
          ],
        },
        "Runtime": "nodejs14.x",
      },
      "Type": "AWS::Lambda::Function",
    },
    "DefaultDirIndexFuncServiceRole6AB4262B": Object {
      "Properties": Object {
        "AssumeRolePolicyDocument": Object {
          "Statement": Array [
            Object {
              "Action": "sts:AssumeRole",
              "Effect": "Allow",
              "Principal": Object {
                "Service": "lambda.amazonaws.com",
              },
            },
            Object {
              "Action": "sts:AssumeRole",
              "Effect": "Allow",
              "Principal": Object {
                "Service": "edgelambda.amazonaws.com",
              },
            },
          ],
          "Version": "2012-10-17",
        },
        "ManagedPolicyArns": Array [
          Object {
            "Fn::Join": Array [
              "",
              Array [
                "arn:",
                Object {
                  "Ref": "AWS::Partition",
                },
                ":iam::aws:policy/service-role/AWSLambdaBasicExecutionRole",
              ],
            ],
          },
        ],
      },
      "Type": "AWS::IAM::Role",
    },
  },
}
`;
